2026-08-21 12:45:12.643 CEST [main]  TRACE LineSegmentationEvaluatorTool:42 - main
2026-08-21 12:45:12.653 CEST [main]  INFO  LineSegmentationEvaluatorTool:130 - Loading image ground truth from /home/artur/Thesis/fsl-tl-manuscripts/00_data/DIVA-HisDB/CB55/pixel-level-gt-CB55/pixel-level-gt/public-test/e-codices_fmb-cb-0055_0162v_max.png
2026-08-21 12:45:12.839 CEST [main]  INFO  LineSegmentationEvaluatorTool:138 - Loading page ground truth from /home/artur/Thesis/fsl-tl-manuscripts/00_data/DIVA-HisDB/CB55/PAGE-gt-CB55-TASK-2/TASK-2/public-test/e-codices_fmb-cb-0055_0162v_max.xml
2026-08-21 12:45:12.840 CEST [main]  TRACE ImageLinePageDataset:51 - readDataFromFile
2026-08-21 12:45:12.856 CEST [main]  TRACE ImageLinePageDataset:82 - getPolygonFromXml
2026-08-21 12:45:12.860 CEST [main]  DEBUG ImageLinePageDataset:129 - found 7 polygons in XML document
2026-08-21 12:45:12.860 CEST [main]  TRACE ImageLinePageDataset:67 - java.util.ArrayList@67205a84
2026-08-21 12:45:12.860 CEST [main]  INFO  LineSegmentationEvaluatorTool:143 - Loading method output from /home/artur/Thesis/fsl-tl-manuscripts/99_evaluation/01_simple_segmentation/diva-hisdb/lines_eval/kshot_convnext_tiny_diva_CB55_k15/pred_xml/e-codices_fmb-cb-0055_0162v_max.xml
2026-08-21 12:45:12.860 CEST [main]  TRACE ImageLinePageDataset:51 - readDataFromFile
2026-08-21 12:45:12.862 CEST [main]  TRACE ImageLinePageDataset:82 - getPolygonFromXml
2026-08-21 12:45:12.862 CEST [main]  DEBUG ImageLinePageDataset:129 - found 7 polygons in XML document
2026-08-21 12:45:12.863 CEST [main]  TRACE ImageLinePageDataset:67 - java.util.ArrayList@7d0587f1
2026-08-21 12:45:12.863 CEST [main]  INFO  LineSegmentationEvaluatorTool:148 - Evaluating...
2026-08-21 12:45:12.863 CEST [main]  TRACE LineSegmentationEvaluator:50 - evaluate
2026-08-21 12:45:12.864 CEST [main]  TRACE LineSegmentationEvaluator:316 - getMatchingPolygons
2026-08-21 12:45:12.864 CEST [main]  TRACE LineSegmentationEvaluator:339 - matching possibility for GT: java.awt.Polygon@1e6d1014
2026-08-21 12:45:12.864 CEST [main]  TRACE LineSegmentationEvaluator:349 - no matching possibility of java.awt.Polygon@1e6d1014 with MO: java.awt.Polygon@76707e36
2026-08-21 12:45:12.864 CEST [main]  TRACE LineSegmentationEvaluator:349 - no matching possibility of java.awt.Polygon@1e6d1014 with MO: java.awt.Polygon@614ddd49
2026-08-21 12:45:12.864 CEST [main]  TRACE LineSegmentationEvaluator:349 - no matching possibility of java.awt.Polygon@1e6d1014 with MO: java.awt.Polygon@1f554b06
2026-08-21 12:45:12.864 CEST [main]  TRACE LineSegmentationEvaluator:349 - no matching possibility of java.awt.Polygon@1e6d1014 with MO: java.awt.Polygon@694e1548
2026-08-21 12:45:12.864 CEST [main]  TRACE LineSegmentationEvaluator:349 - no matching possibility of java.awt.Polygon@1e6d1014 with MO: java.awt.Polygon@1c3a4799
2026-08-21 12:45:12.865 CEST [main]  TRACE LineSegmentationEvaluator:349 - no matching possibility of java.awt.Polygon@1e6d1014 with MO: java.awt.Polygon@131276c2
2026-08-21 12:45:12.932 CEST [main]  TRACE LineSegmentationEvaluator:391 - matching possibility: java.awt.Polygon@1e6d1014 * java.awt.Polygon@71bbf57e = 0.9615300001466641
2026-08-21 12:45:12.932 CEST [main]  TRACE LineSegmentationEvaluator:339 - matching possibility for GT: java.awt.Polygon@7f13d6e
2026-08-21 12:45:12.932 CEST [main]  TRACE LineSegmentationEvaluator:349 - no matching possibility of java.awt.Polygon@7f13d6e with MO: java.awt.Polygon@76707e36
2026-08-21 12:45:12.932 CEST [main]  TRACE LineSegmentationEvaluator:349 - no matching possibility of java.awt.Polygon@7f13d6e with MO: java.awt.Polygon@614ddd49
2026-08-21 12:45:12.932 CEST [main]  TRACE LineSegmentationEvaluator:349 - no matching possibility of java.awt.Polygon@7f13d6e with MO: java.awt.Polygon@1f554b06
2026-08-21 12:45:12.932 CEST [main]  TRACE LineSegmentationEvaluator:349 - no matching possibility of java.awt.Polygon@7f13d6e with MO: java.awt.Polygon@694e1548
2026-08-21 12:45:12.975 CEST [main]  TRACE LineSegmentationEvaluator:391 - matching possibility: java.awt.Polygon@7f13d6e * java.awt.Polygon@1c3a4799 = 8.386799178093681E-5
2026-08-21 12:45:13.012 CEST [main]  TRACE LineSegmentationEvaluator:391 - matching possibility: java.awt.Polygon@7f13d6e * java.awt.Polygon@131276c2 = 0.9765632831452115
2026-08-21 12:45:13.065 CEST [main]  TRACE LineSegmentationEvaluator:391 - matching possibility: java.awt.Polygon@7f13d6e * java.awt.Polygon@71bbf57e = 0.0056137301759721925
2026-08-21 12:45:13.066 CEST [main]  TRACE LineSegmentationEvaluator:339 - matching possibility for GT: java.awt.Polygon@51cdd8a
2026-08-21 12:45:13.066 CEST [main]  TRACE LineSegmentationEvaluator:349 - no matching possibility of java.awt.Polygon@51cdd8a with MO: java.awt.Polygon@76707e36
2026-08-21 12:45:13.066 CEST [main]  TRACE LineSegmentationEvaluator:349 - no matching possibility of java.awt.Polygon@51cdd8a with MO: java.awt.Polygon@614ddd49
2026-08-21 12:45:13.066 CEST [main]  TRACE LineSegmentationEvaluator:349 - no matching possibility of java.awt.Polygon@51cdd8a with MO: java.awt.Polygon@1f554b06
2026-08-21 12:45:13.135 CEST [main]  TRACE LineSegmentationEvaluator:391 - matching possibility: java.awt.Polygon@51cdd8a * java.awt.Polygon@1c3a4799 = 0.93943685790386
2026-08-21 12:45:13.175 CEST [main]  TRACE LineSegmentationEvaluator:391 - matching possibility: java.awt.Polygon@51cdd8a * java.awt.Polygon@131276c2 = 0.003848756555574353
2026-08-21 12:45:13.176 CEST [main]  TRACE LineSegmentationEvaluator:349 - no matching possibility of java.awt.Polygon@51cdd8a with MO: java.awt.Polygon@71bbf57e
2026-08-21 12:45:13.176 CEST [main]  TRACE LineSegmentationEvaluator:339 - matching possibility for GT: java.awt.Polygon@2d6eabae
2026-08-21 12:45:13.176 CEST [main]  TRACE LineSegmentationEvaluator:349 - no matching possibility of java.awt.Polygon@2d6eabae with MO: java.awt.Polygon@76707e36
2026-08-21 12:45:13.176 CEST [main]  TRACE LineSegmentationEvaluator:349 - no matching possibility of java.awt.Polygon@2d6eabae with MO: java.awt.Polygon@614ddd49
2026-08-21 12:45:13.288 CEST [main]  TRACE LineSegmentationEvaluator:391 - matching possibility: java.awt.Polygon@2d6eabae * java.awt.Polygon@694e1548 = 0.8476869628816969
2026-08-21 12:45:13.342 CEST [main]  TRACE LineSegmentationEvaluator:391 - matching possibility: java.awt.Polygon@2d6eabae * java.awt.Polygon@1c3a4799 = 0.014197882382464505
2026-08-21 12:45:13.342 CEST [main]  TRACE LineSegmentationEvaluator:349 - no matching possibility of java.awt.Polygon@2d6eabae with MO: java.awt.Polygon@131276c2
2026-08-21 12:45:13.342 CEST [main]  TRACE LineSegmentationEvaluator:349 - no matching possibility of java.awt.Polygon@2d6eabae with MO: java.awt.Polygon@71bbf57e
2026-08-21 12:45:13.343 CEST [main]  TRACE LineSegmentationEvaluator:339 - matching possibility for GT: java.awt.Polygon@4e7dc304
2026-08-21 12:45:13.343 CEST [main]  TRACE LineSegmentationEvaluator:349 - no matching possibility of java.awt.Polygon@4e7dc304 with MO: java.awt.Polygon@76707e36
2026-08-21 12:45:13.393 CEST [main]  TRACE LineSegmentationEvaluator:391 - matching possibility: java.awt.Polygon@4e7dc304 * java.awt.Polygon@614ddd49 = 0.0026185226019845645
2026-08-21 12:45:13.437 CEST [main]  TRACE LineSegmentationEvaluator:391 - matching possibility: java.awt.Polygon@4e7dc304 * java.awt.Polygon@1f554b06 = 0.7917791576673866
2026-08-21 12:45:13.485 CEST [main]  TRACE LineSegmentationEvaluator:391 - matching possibility: java.awt.Polygon@4e7dc304 * java.awt.Polygon@694e1548 = 0.00879808307878034
2026-08-21 12:45:13.486 CEST [main]  TRACE LineSegmentationEvaluator:349 - no matching possibility of java.awt.Polygon@4e7dc304 with MO: java.awt.Polygon@1c3a4799
2026-08-21 12:45:13.486 CEST [main]  TRACE LineSegmentationEvaluator:349 - no matching possibility of java.awt.Polygon@4e7dc304 with MO: java.awt.Polygon@131276c2
2026-08-21 12:45:13.486 CEST [main]  TRACE LineSegmentationEvaluator:349 - no matching possibility of java.awt.Polygon@4e7dc304 with MO: java.awt.Polygon@71bbf57e
2026-08-21 12:45:13.486 CEST [main]  TRACE LineSegmentationEvaluator:339 - matching possibility for GT: java.awt.Polygon@64729b1e
2026-08-21 12:45:13.486 CEST [main]  TRACE LineSegmentationEvaluator:349 - no matching possibility of java.awt.Polygon@64729b1e with MO: java.awt.Polygon@76707e36
2026-08-21 12:45:13.515 CEST [main]  TRACE LineSegmentationEvaluator:391 - matching possibility: java.awt.Polygon@64729b1e * java.awt.Polygon@614ddd49 = 0.9357796437850661
2026-08-21 12:45:13.548 CEST [main]  TRACE LineSegmentationEvaluator:391 - matching possibility: java.awt.Polygon@64729b1e * java.awt.Polygon@1f554b06 = 0.009347683290384518
2026-08-21 12:45:13.548 CEST [main]  TRACE LineSegmentationEvaluator:349 - no matching possibility of java.awt.Polygon@64729b1e with MO: java.awt.Polygon@694e1548
2026-08-21 12:45:13.548 CEST [main]  TRACE LineSegmentationEvaluator:349 - no matching possibility of java.awt.Polygon@64729b1e with MO: java.awt.Polygon@1c3a4799
2026-08-21 12:45:13.548 CEST [main]  TRACE LineSegmentationEvaluator:349 - no matching possibility of java.awt.Polygon@64729b1e with MO: java.awt.Polygon@131276c2
2026-08-21 12:45:13.548 CEST [main]  TRACE LineSegmentationEvaluator:349 - no matching possibility of java.awt.Polygon@64729b1e with MO: java.awt.Polygon@71bbf57e
2026-08-21 12:45:13.548 CEST [main]  TRACE LineSegmentationEvaluator:339 - matching possibility for GT: java.awt.Polygon@10bbd20a
2026-08-21 12:45:13.582 CEST [main]  TRACE LineSegmentationEvaluator:391 - matching possibility: java.awt.Polygon@10bbd20a * java.awt.Polygon@76707e36 = 0.7887765573334347
2026-08-21 12:45:13.619 CEST [main]  TRACE LineSegmentationEvaluator:391 - matching possibility: java.awt.Polygon@10bbd20a * java.awt.Polygon@614ddd49 = 0.007708800311860443
2026-08-21 12:45:13.619 CEST [main]  TRACE LineSegmentationEvaluator:349 - no matching possibility of java.awt.Polygon@10bbd20a with MO: java.awt.Polygon@1f554b06
2026-08-21 12:45:13.619 CEST [main]  TRACE LineSegmentationEvaluator:349 - no matching possibility of java.awt.Polygon@10bbd20a with MO: java.awt.Polygon@694e1548
2026-08-21 12:45:13.619 CEST [main]  TRACE LineSegmentationEvaluator:349 - no matching possibility of java.awt.Polygon@10bbd20a with MO: java.awt.Polygon@1c3a4799
2026-08-21 12:45:13.619 CEST [main]  TRACE LineSegmentationEvaluator:349 - no matching possibility of java.awt.Polygon@10bbd20a with MO: java.awt.Polygon@131276c2
2026-08-21 12:45:13.619 CEST [main]  TRACE LineSegmentationEvaluator:349 - no matching possibility of java.awt.Polygon@10bbd20a with MO: java.awt.Polygon@71bbf57e
2026-08-21 12:45:13.619 CEST [main]  DEBUG LineSegmentationEvaluator:395 - 15 possibilities
2026-08-21 12:45:13.619 CEST [main]  DEBUG LineSegmentationEvaluator:408 - match 0.9765632831452115
2026-08-21 12:45:13.620 CEST [main]  DEBUG LineSegmentationEvaluator:408 - match 0.9615300001466641
2026-08-21 12:45:13.620 CEST [main]  DEBUG LineSegmentationEvaluator:408 - match 0.93943685790386
2026-08-21 12:45:13.620 CEST [main]  DEBUG LineSegmentationEvaluator:408 - match 0.9357796437850661
2026-08-21 12:45:13.620 CEST [main]  DEBUG LineSegmentationEvaluator:408 - match 0.8476869628816969
2026-08-21 12:45:13.620 CEST [main]  DEBUG LineSegmentationEvaluator:408 - match 0.7917791576673866
2026-08-21 12:45:13.620 CEST [main]  DEBUG LineSegmentationEvaluator:408 - match 0.7887765573334347
2026-08-21 12:45:13.620 CEST [main]  INFO  LineSegmentationEvaluator:415 - found 7 matches
2026-08-21 12:45:13.621 CEST [main]  TRACE LineSegmentationEvaluator:439 - java.util.ArrayList@396f6598
2026-08-21 12:45:13.623 CEST [main]  TRACE LineSegmentationEvaluator:82 - evaluation matching java.awt.Polygon@7f13d6e * java.awt.Polygon@131276c2
2026-08-21 12:45:13.664 CEST [main]  TRACE LineSegmentationEvaluator:186 - P = 0.9925826303134042
2026-08-21 12:45:13.664 CEST [main]  TRACE LineSegmentationEvaluator:187 - R = 0.9837423003130364
2026-08-21 12:45:13.664 CEST [main]  TRACE LineSegmentationEvaluator:208 - line considered as correctly detected
2026-08-21 12:45:13.680 CEST [main]  TRACE LineSegmentationEvaluator:82 - evaluation matching java.awt.Polygon@1e6d1014 * java.awt.Polygon@71bbf57e
2026-08-21 12:45:13.738 CEST [main]  TRACE LineSegmentationEvaluator:186 - P = 0.9902425762015528
2026-08-21 12:45:13.738 CEST [main]  TRACE LineSegmentationEvaluator:187 - R = 0.9707271569658114
2026-08-21 12:45:13.738 CEST [main]  TRACE LineSegmentationEvaluator:208 - line considered as correctly detected
2026-08-21 12:45:13.738 CEST [main]  TRACE LineSegmentationEvaluator:82 - evaluation matching java.awt.Polygon@51cdd8a * java.awt.Polygon@1c3a4799
2026-08-21 12:45:13.766 CEST [main]  TRACE LineSegmentationEvaluator:186 - P = 0.9686144591443081
2026-08-21 12:45:13.766 CEST [main]  TRACE LineSegmentationEvaluator:187 - R = 0.9689312344656172
2026-08-21 12:45:13.766 CEST [main]  TRACE LineSegmentationEvaluator:208 - line considered as correctly detected
2026-08-21 12:45:13.766 CEST [main]  TRACE LineSegmentationEvaluator:82 - evaluation matching java.awt.Polygon@64729b1e * java.awt.Polygon@614ddd49
2026-08-21 12:45:13.799 CEST [main]  TRACE LineSegmentationEvaluator:186 - P = 0.9788101380491936
2026-08-21 12:45:13.799 CEST [main]  TRACE LineSegmentationEvaluator:187 - R = 0.9551289442330605
2026-08-21 12:45:13.799 CEST [main]  TRACE LineSegmentationEvaluator:208 - line considered as correctly detected
2026-08-21 12:45:13.799 CEST [main]  TRACE LineSegmentationEvaluator:82 - evaluation matching java.awt.Polygon@2d6eabae * java.awt.Polygon@694e1548
2026-08-21 12:45:13.848 CEST [main]  TRACE LineSegmentationEvaluator:186 - P = 0.9814850456137649
2026-08-21 12:45:13.848 CEST [main]  TRACE LineSegmentationEvaluator:187 - R = 0.8614625741169316
2026-08-21 12:45:13.848 CEST [main]  TRACE LineSegmentationEvaluator:208 - line considered as correctly detected
2026-08-21 12:45:13.849 CEST [main]  TRACE LineSegmentationEvaluator:82 - evaluation matching java.awt.Polygon@4e7dc304 * java.awt.Polygon@1f554b06
2026-08-21 12:45:13.890 CEST [main]  TRACE LineSegmentationEvaluator:186 - P = 0.9808118389699427
2026-08-21 12:45:13.890 CEST [main]  TRACE LineSegmentationEvaluator:187 - R = 0.8042367942960957
2026-08-21 12:45:13.890 CEST [main]  TRACE LineSegmentationEvaluator:208 - line considered as correctly detected
2026-08-21 12:45:13.890 CEST [main]  TRACE LineSegmentationEvaluator:82 - evaluation matching java.awt.Polygon@10bbd20a * java.awt.Polygon@76707e36
2026-08-21 12:45:13.931 CEST [main]  TRACE LineSegmentationEvaluator:186 - P = 1.0
2026-08-21 12:45:13.931 CEST [main]  TRACE LineSegmentationEvaluator:187 - R = 0.7887765573334347
2026-08-21 12:45:13.931 CEST [main]  TRACE LineSegmentationEvaluator:208 - line considered as correctly detected
2026-08-21 12:45:13.932 CEST [main]  TRACE Results:68 - put(LineSegmentation.NbLinesTruth.int) = 7
2026-08-21 12:45:13.932 CEST [main]  TRACE Results:68 - put(LineSegmentation.NbLinesProposed.int) = 7
2026-08-21 12:45:13.932 CEST [main]  TRACE Results:68 - put(LineSegmentation.NbLinesCorrect.int) = 7
2026-08-21 12:45:13.932 CEST [main]  TRACE Results:68 - put(LineSegmentation.LinesIU.double) = 1.0
2026-08-21 12:45:13.932 CEST [main]  TRACE Results:68 - put(LineSegmentation.LinesFMeasure.double) = 1.0
2026-08-21 12:45:13.932 CEST [main]  TRACE Results:68 - put(LineSegmentation.LinesRecall.Double) = 1.0
2026-08-21 12:45:13.932 CEST [main]  TRACE Results:68 - put(LineSegmentation.LinesPrecision.Double) = 1.0
2026-08-21 12:45:13.932 CEST [main]  TRACE Results:68 - put(LineSegmentation.MatchedPixelIU.double) = 0.8906964179173271
2026-08-21 12:45:13.932 CEST [main]  TRACE Results:68 - put(LineSegmentation.MatchedPixelFMeasure.Double) = 0.9421887189043946
2026-08-21 12:45:13.932 CEST [main]  TRACE Results:68 - put(LineSegmentation.MatchedPixelPrecision.Double) = 0.9846962606901121
2026-08-21 12:45:13.933 CEST [main]  TRACE Results:68 - put(LineSegmentation.MatchedPixelRecall.Double) = 0.9031992542603493
2026-08-21 12:45:13.933 CEST [main]  TRACE Results:68 - put(LineSegmentation.PixelIU.double) = 0.8906964179173271
2026-08-21 12:45:13.933 CEST [main]  TRACE Results:68 - put(LineSegmentation.PixelFMeasure.Double) = 0.9421887189043946
2026-08-21 12:45:13.933 CEST [main]  TRACE Results:68 - put(LineSegmentation.PixelPrecision.Double) = 0.9846962606901121
2026-08-21 12:45:13.933 CEST [main]  TRACE Results:68 - put(LineSegmentation.PixelRecall.Double) = 0.9031992542603493
2026-08-21 12:45:13.933 CEST [main]  TRACE LineSegmentationEvaluator:275 - ch.unifr.Results@12c8a2c0
2026-08-21 12:45:13.933 CEST [main]  DEBUG LineSegmentationEvaluator:278 - TP = 347841
2026-08-21 12:45:13.933 CEST [main]  DEBUG LineSegmentationEvaluator:279 - FP = 5406
2026-08-21 12:45:13.933 CEST [main]  DEBUG LineSegmentationEvaluator:280 - FN = 37280
2026-08-21 12:45:13.933 CEST [main]  DEBUG LineSegmentationEvaluator:281 - GT size = 7
2026-08-21 12:45:13.933 CEST [main]  DEBUG LineSegmentationEvaluator:283 - Prediction size = 7
2026-08-21 12:45:13.934 CEST [main]  DEBUG LineSegmentationEvaluator:284 - nbPixelsPrediction = 353247
2026-08-21 12:45:13.934 CEST [main]  DEBUG LineSegmentationEvaluator:285 - nbPixelsGt = 385121
2026-08-21 12:45:13.934 CEST [main]  DEBUG LineSegmentationEvaluator:286 - nbLinesCorrect = 7
2026-08-21 12:45:13.934 CEST [main]  DEBUG LineSegmentationEvaluator:287 - nbLinesExtra = 0
2026-08-21 12:45:13.934 CEST [main]  DEBUG LineSegmentationEvaluator:288 - nbLinesMissed = 0
2026-08-21 12:45:13.934 CEST [main]  DEBUG LineSegmentationEvaluator:290 - line IU = 1.0
2026-08-21 12:45:13.934 CEST [main]  DEBUG LineSegmentationEvaluator:291 - line F1 = 1.0
2026-08-21 12:45:13.934 CEST [main]  DEBUG LineSegmentationEvaluator:292 - linePrecision = 1.0
2026-08-21 12:45:13.934 CEST [main]  DEBUG LineSegmentationEvaluator:293 - lineRecall = 1.0
2026-08-21 12:45:13.934 CEST [main]  DEBUG LineSegmentationEvaluator:295 - matchedPixel IU = 0.8906964179173271
2026-08-21 12:45:13.934 CEST [main]  DEBUG LineSegmentationEvaluator:296 - matchedPixel F1 = 0.9421887189043946
2026-08-21 12:45:13.934 CEST [main]  DEBUG LineSegmentationEvaluator:297 - matchedPixelPrecision = 0.9846962606901121
2026-08-21 12:45:13.934 CEST [main]  DEBUG LineSegmentationEvaluator:298 - matchedPixelRecall = 0.9031992542603493
2026-08-21 12:45:13.934 CEST [main]  DEBUG LineSegmentationEvaluator:300 - pixel IU = 0.8906964179173271
2026-08-21 12:45:13.934 CEST [main]  DEBUG LineSegmentationEvaluator:301 - pixel F1 = 0.9421887189043946
2026-08-21 12:45:13.934 CEST [main]  DEBUG LineSegmentationEvaluator:302 - pixelPrecision = 0.9846962606901121
2026-08-21 12:45:13.935 CEST [main]  DEBUG LineSegmentationEvaluator:303 - pixelRecall = 0.9031992542603493
2026-08-21 12:45:13.935 CEST [main]  TRACE Results:68 - put(LineSegmentation.filename.String) = e-codices_fmb-cb-0055_0162v_max
2026-08-21 12:45:13.935 CEST [main]  INFO  LineSegmentationEvaluatorTool:157 - Writing results in /home/artur/Thesis/fsl-tl-manuscripts/99_evaluation/01_simple_segmentation/diva-hisdb/lines_eval/kshot_convnext_tiny_diva_CB55_k15/pred_xml/e-codices_fmb-cb-0055_0162v_max
2026-08-21 12:45:13.938 CEST [main]  DEBUG Results:136 - Appended results on/home/artur/Thesis/fsl-tl-manuscripts/99_evaluation/01_simple_segmentation/diva-hisdb/lines_eval/kshot_convnext_tiny_diva_CB55_k15/pred_xml/results.csv
2026-08-21 12:45:14.431 CEST [main]  INFO  LineSegmentationEvaluatorTool:165 - Writing visualization image in /home/artur/Thesis/fsl-tl-manuscripts/99_evaluation/01_simple_segmentation/diva-hisdb/lines_eval/kshot_convnext_tiny_diva_CB55_k15/pred_xml/e-codices_fmb-cb-0055_0162v_max
2026-08-21 12:45:16.565 CEST [main]  INFO  LineSegmentationEvaluatorTool:174 - Writing overlap image in /home/artur/Thesis/fsl-tl-manuscripts/99_evaluation/01_simple_segmentation/diva-hisdb/lines_eval/kshot_convnext_tiny_diva_CB55_k15/pred_xml/e-codices_fmb-cb-0055_0162v_max
